// Jest Snapshot v1, https://goo.gl/fbAQLP

exports[`createUser 1`] = `
Object {
  "data": Object {
    "createUser": Object {
      "firstName": "First",
      "id": "5cf8b6ff37568a1fa500ba4e",
      "lastName": "Last",
    },
  },
  "errors": undefined,
  "extensions": undefined,
  "http": Object {
    "headers": Headers {
      Symbol(map): Object {},
    },
  },
}
`;
